// Jest Snapshot v1, https://goo.gl/fbAQLP

exports[`DataItemCover renders snapshot 1`] = `
<DataItemCoverCollectionsItems
  card={
    Object {
      "height": 1,
      "id": 1,
      "record": Object {
        "breadcrumb": Array [
          Array [
            "collections",
            1,
            "Some collection",
          ],
          Array [
            "items",
            1,
            "my item",
          ],
        ],
        "can_edit": false,
        "can_view": true,
        "data_settings": Object {
          "d_measure": "participants",
          "d_timeframe": "month",
        },
        "datasets": Array [
          Object {
            "chart_type": "area",
            "data": Array [
              Object {
                "date": "2018-07-10",
                "value": 10,
              },
              Object {
                "date": "2018-08-10",
                "value": 25,
              },
              Object {
                "date": "2018-09-10",
                "value": 30,
              },
            ],
            "dataWithDates": Array [
              Object {
                "date": 2018-07-10T00:00:00.000Z,
                "value": 10,
              },
              Object {
                "date": 2018-08-10T00:00:00.000Z,
                "value": 25,
              },
              Object {
                "date": 2018-09-10T00:00:00.000Z,
                "value": 30,
              },
            ],
            "description": "A description",
            "identifier": "question",
            "measure": "participants",
            "order": 0,
            "tiers": Array [],
            "timeframe": "month",
          },
        ],
        "fullyLoaded": true,
        "id": "1",
        "inherited_tag_list": Array [],
        "internalType": "items",
        "isReportTypeCollectionsItems": true,
        "isReportTypeNetworkAppMetric": false,
        "isReportTypeRecord": false,
        "measure": Object {
          "name": "Participants",
        },
        "name": "My Cool Item",
        "parentPath": "/",
        "parent_collection_card": Object {
          "API_archive": [MockFunction],
          "API_create": [MockFunction],
          "API_linkToMyCollection": [MockFunction],
          "assign": [MockFunction],
          "assignRef": [MockFunction],
          "beginReplacing": [MockFunction],
          "col": 1,
          "create": [MockFunction],
          "disableMenu": [MockFunction],
          "height": 1,
          "id": "11",
          "image_contain": false,
          "item": Object {},
          "maxHeight": 1,
          "maxWidth": 1,
          "order": 1,
          "patch": [MockFunction],
          "record": Object {},
          "reference": false,
          "reselectOnlyEditableRecords": [MockFunction],
          "reselectOnlyMovableCards": [MockFunction],
          "row": 0,
          "save": [MockFunction],
          "section_type": null,
          "update": [MockFunction],
          "width": 1,
        },
        "primaryDataset": Object {
          "chart_type": "bar",
          "data": Array [],
          "data_items_datasets_id": 100,
          "identifier": "dataset",
          "measure": "participants",
          "name": "dataset",
          "order": 0,
          "question_type": null,
          "selected": true,
          "test_collection_id": null,
          "tiers": Array [],
          "timeframe": "ever",
          "total": 1,
        },
        "quill_data": null,
        "report_type": "report_type_collections_and_items",
        "type": "Item::DataItem",
      },
      "width": 1,
    }
  }
  item={
    Object {
      "breadcrumb": Array [
        Array [
          "collections",
          1,
          "Some collection",
        ],
        Array [
          "items",
          1,
          "my item",
        ],
      ],
      "can_edit": false,
      "can_view": true,
      "data_settings": Object {
        "d_measure": "participants",
        "d_timeframe": "month",
      },
      "datasets": Array [
        Object {
          "chart_type": "area",
          "data": Array [
            Object {
              "date": "2018-07-10",
              "value": 10,
            },
            Object {
              "date": "2018-08-10",
              "value": 25,
            },
            Object {
              "date": "2018-09-10",
              "value": 30,
            },
          ],
          "dataWithDates": Array [
            Object {
              "date": 2018-07-10T00:00:00.000Z,
              "value": 10,
            },
            Object {
              "date": 2018-08-10T00:00:00.000Z,
              "value": 25,
            },
            Object {
              "date": 2018-09-10T00:00:00.000Z,
              "value": 30,
            },
          ],
          "description": "A description",
          "identifier": "question",
          "measure": "participants",
          "order": 0,
          "tiers": Array [],
          "timeframe": "month",
        },
      ],
      "fullyLoaded": true,
      "id": "1",
      "inherited_tag_list": Array [],
      "internalType": "items",
      "isReportTypeCollectionsItems": true,
      "isReportTypeNetworkAppMetric": false,
      "isReportTypeRecord": false,
      "measure": Object {
        "name": "Participants",
      },
      "name": "My Cool Item",
      "parentPath": "/",
      "parent_collection_card": Object {
        "API_archive": [MockFunction],
        "API_create": [MockFunction],
        "API_linkToMyCollection": [MockFunction],
        "assign": [MockFunction],
        "assignRef": [MockFunction],
        "beginReplacing": [MockFunction],
        "col": 1,
        "create": [MockFunction],
        "disableMenu": [MockFunction],
        "height": 1,
        "id": "11",
        "image_contain": false,
        "item": Object {},
        "maxHeight": 1,
        "maxWidth": 1,
        "order": 1,
        "patch": [MockFunction],
        "record": Object {},
        "reference": false,
        "reselectOnlyEditableRecords": [MockFunction],
        "reselectOnlyMovableCards": [MockFunction],
        "row": 0,
        "save": [MockFunction],
        "section_type": null,
        "update": [MockFunction],
        "width": 1,
      },
      "primaryDataset": Object {
        "chart_type": "bar",
        "data": Array [],
        "data_items_datasets_id": 100,
        "identifier": "dataset",
        "measure": "participants",
        "name": "dataset",
        "order": 0,
        "question_type": null,
        "selected": true,
        "test_collection_id": null,
        "tiers": Array [],
        "timeframe": "ever",
        "total": 1,
      },
      "quill_data": null,
      "report_type": "report_type_collections_and_items",
      "type": "Item::DataItem",
    }
  }
/>
`;
