// Jest Snapshot v1, https://goo.gl/fbAQLP

exports[`LegendItemCover renders snapshot 1`] = `
<styled.div
  data-cy="LegendItemCover"
>
  <Styled(StyledHeading3)>
    My Cool Item
  </Styled(StyledHeading3)>
  <Dataset
    key="dataset-dataset"
  >
    <styled.span>
      <styled.span
        color="#c0dbde"
      />
    </styled.span>
    <Styled(SmallHelperText)
      color="#120f0e"
    />
    <UnselectDataset
      onClick={[Function]}
      role="button"
    >
      <XIcon />
    </UnselectDataset>
  </Dataset>
  <Dataset
    key="dataset-85th"
  >
    <styled.span>
      <styled.span
        color="#738091"
      />
    </styled.span>
    <Styled(SmallHelperText)
      color="#120f0e"
    />
    <UnselectDataset
      onClick={[Function]}
      role="button"
    >
      <XIcon />
    </UnselectDataset>
  </Dataset>
  <Dataset
    key="dataset-75th"
  >
    <styled.span>
      <styled.span
        color="#A1A6B4"
      />
    </styled.span>
    <Styled(SmallHelperText)
      color="#120f0e"
    />
    <UnselectDataset
      onClick={[Function]}
      role="button"
    >
      <XIcon />
    </UnselectDataset>
  </Dataset>
  <br />
  <styled.div>
    <StyledHeading3
      className="test-add-comparison-button"
      onClick={[Function]}
      role="button"
    >
      <styled.span>
        <PlusIcon
          viewBox="0 0 5 18"
        />
      </styled.span>
      Add Comparison
    </StyledHeading3>
  </styled.div>
</styled.div>
`;
