// Jest Snapshot v1, https://goo.gl/fbAQLP

exports[`CollectionPage renders correctly 1`] = `
.c1 {
  font-size: 0.75rem;
  font-family: 'Gotham';
  text-transform: uppercase;
}

.c0 {
  z-index: 9999;
  position: fixed;
  top: 0;
  width: calc(100% - 4rem);
  background: #f2f2f2;
  padding: 1rem 2rem;
}

.c2 {
  margin-top: 90px;
  padding: 0 2rem;
}

<div>
  <header
    className="c0"
  >
    <div
      className="_Rfx0_ _Rfx1_ _Rfx2_"
    >
      <div
        className=""
      >
        <div
          className="c1"
        >
          <span>
            Innovation OS
          </span>
        </div>
      </div>
      <div
        className=""
      >
        <div
          className="MuiAvatar-root-2 Header-smallAvatar-1"
        >
          <img
            alt={undefined}
            className="MuiAvatar-img-4"
            sizes={undefined}
            src="https://picsum.photos/38"
            srcSet={undefined}
          />
        </div>
      </div>
    </div>
  </header>
  <main
    className="c2"
  >
    <h1>
      Collection: 
      My Workspace X
    </h1>
    <div
      className="Grid"
    />
  </main>
</div>
`;
