// Jest Snapshot v1, https://goo.gl/fbAQLP

exports[`DataItemCover renders snapshot 1`] = `
<StyledDataItemCover
  className="cancelGridClick"
  data-cy="DataItemCover"
  editing={false}
  onMouseOut={[Function]}
  onMouseOver={[Function]}
>
  <StyledHeading3>
    <span>
      participants
    </span>
  </StyledHeading3>
  <Styled(Heading1)
    className="count"
    data-cy="DataReport-count"
  />
  <SmallHelperText
    color="#120f0e"
  >
    <span
      className="titleAndControls"
    >
      within 
      the 
      <span
        className="editableMetric"
      >
        <DataTargetButton
          editable={false}
          onClick={[Function]}
          targetCollection={null}
        />
      </span>
       
      <span>
        ever
      </span>
    </span>
  </SmallHelperText>
</StyledDataItemCover>
`;
