// Jest Snapshot v1, https://goo.gl/fbAQLP

exports[`CardCoverEditor renders snapshot 1`] = `
<Fragment>
  <CardActionHolder
    active={false}
    className="show-on-hover"
    disableHover={false}
    onClick={[Function]}
    role="button"
    size={32}
    tooltipText="edit cover"
  >
    <EditPencilIconLarge />
  </CardActionHolder>
</Fragment>
`;
