// Jest Snapshot v1, https://goo.gl/fbAQLP

exports[`FoamcoreGrid renders snapshot 1`] = `
<styled.div
  data-empty-space-click={true}
  height={NaN}
  innerRef={[Function]}
  onScroll={[Function]}
  width={1011.8095238095239}
>
  <FoamcoreZoomControls
    onZoomIn={[Function]}
    onZoomOut={[Function]}
  />
  <styled.div
    blocked={false}
    data-blank-type="unrendered"
    data-empty-space-click={true}
    draggedOn={true}
    h={250}
    height={250}
    key="blank-unrendered-1:5"
    onClick={[Function]}
    type="unrendered"
    w={312}
    width={312}
    x={316.1904761904762}
    xPos={316.1904761904762}
    y={51.42857142857143}
    yPos={51.42857142857143}
    zoomLevel={5.25}
  />
  <styled.div
    blocked={false}
    data-blank-type="unrendered"
    data-empty-space-click={true}
    draggedOn={true}
    h={520}
    height={520}
    key="blank-unrendered-0:1"
    onClick={[Function]}
    type="unrendered"
    w={644}
    width={644}
    x={63.23809523809524}
    xPos={63.23809523809524}
    y={0}
    yPos={0}
    zoomLevel={5.25}
  />
  <styled.div
    blocked={false}
    data-blank-type="unrendered"
    data-empty-space-click={true}
    draggedOn={true}
    h={250}
    height={250}
    key="blank-unrendered-2:0"
    onClick={[Function]}
    type="unrendered"
    w={644}
    width={644}
    x={0}
    xPos={0}
    y={102.85714285714286}
    yPos={102.85714285714286}
    zoomLevel={5.25}
  />
</styled.div>
`;
