// Jest Snapshot v1, https://goo.gl/fbAQLP

exports[`FoamcoreGrid renders snapshot 1`] = `
<styled.div
  data-empty-space-click={true}
  height={NaN}
  innerRef={[Function]}
  onScroll={[Function]}
  width={988.0701754385965}
>
  <FoamcoreZoomControls
    onZoomIn={[Function]}
    onZoomOut={[Function]}
  />
  <styled.div
    blocked={false}
    data-blank-type="unrendered"
    data-empty-space-click={true}
    draggedOn={true}
    h={250}
    height={250}
    key="blank-unrendered-1:5"
    onClick={[Function]}
    type="unrendered"
    w={316}
    width={316}
    x={308.7719298245614}
    xPos={308.7719298245614}
    y={49.40350877192982}
    yPos={49.40350877192982}
    zoomLevel={5.34375}
  >
    <InlineLoader
      background="#f5f4f3"
      fixed={false}
    />
  </styled.div>
  <styled.div
    blocked={false}
    data-blank-type="unrendered"
    data-empty-space-click={true}
    draggedOn={true}
    h={514}
    height={514}
    key="blank-unrendered-0:1"
    onClick={[Function]}
    type="unrendered"
    w={646}
    width={646}
    x={61.75438596491228}
    xPos={61.75438596491228}
    y={0}
    yPos={0}
    zoomLevel={5.34375}
  >
    <InlineLoader
      background="#f5f4f3"
      fixed={false}
    />
  </styled.div>
  <styled.div
    blocked={false}
    data-blank-type="unrendered"
    data-empty-space-click={true}
    draggedOn={true}
    h={250}
    height={250}
    key="blank-unrendered-2:0"
    onClick={[Function]}
    type="unrendered"
    w={646}
    width={646}
    x={0}
    xPos={0}
    y={98.80701754385964}
    yPos={98.80701754385964}
    zoomLevel={5.34375}
  >
    <InlineLoader
      background="#f5f4f3"
      fixed={false}
    />
  </styled.div>
</styled.div>
`;
