// Jest Snapshot v1, https://goo.gl/fbAQLP

exports[`GridCard when hoveringOver renders snapshot 1`] = `undefined`;

exports[`GridCard when selected renders snapshot 1`] = `undefined`;

exports[`GridCard with collection as editor renders snapshot 1`] = `undefined`;

exports[`GridCard with collection as viewer renders snapshot 1`] = `undefined`;

exports[`GridCard with collection with SharedCollection card (menuDisabled = true) renders snapshot 1`] = `undefined`;

exports[`GridCard with collection with SharedCollection renders snapshot 1`] = `undefined`;

exports[`GridCard with item as editor renders snapshot 1`] = `undefined`;

exports[`GridCard with item as viewer renders snapshot 1`] = `undefined`;

exports[`GridCard with searchResult renders snapshot 1`] = `undefined`;
