// Jest Snapshot v1, https://goo.gl/fbAQLP

exports[`MoveSnackbar renders snapshot 1`] = `
<StyledSnackbar
  classes={
    Object {
      "root": "Snackbar",
    }
  }
  open={true}
>
  <StyledSnackbarContent
    action={
      Array [
        <ForwardRef(styled.span)>
          <Tooltip
            classes={
              Object {
                "tooltip": "Tooltip",
              }
            }
            placement="top"
            title="Place at top"
          >
            <button
              data-cy="MoveSnackbarArrow-up"
              onClick={[Function]}
            >
              <ArrowIcon
                direction="up"
              />
            </button>
          </Tooltip>
        </ForwardRef(styled.span)>,
        <ForwardRef(styled.span)>
          <Tooltip
            classes={
              Object {
                "tooltip": "Tooltip",
              }
            }
            placement="top"
            title="Place at bottom"
          >
            <button
              data-cy="MoveSnackbarArrow-down"
              onClick={[Function]}
            >
              <ArrowIcon
                direction="down"
              />
            </button>
          </Tooltip>
        </ForwardRef(styled.span)>,
        <ForwardRef(styled.span)>
          <Tooltip
            classes={
              Object {
                "tooltip": "Tooltip",
              }
            }
            placement="top"
            title="Cancel"
          >
            <button
              onClick={[Function]}
            >
              <CloseIcon />
            </button>
          </Tooltip>
        </ForwardRef(styled.span)>,
      ]
    }
    classes={
      Object {
        "root": "SnackbarContent",
      }
    }
    message={
      <ForwardRef(styled.span)
        id="message-id"
      >
        0 card in transit
      </ForwardRef(styled.span)>
    }
  />
</StyledSnackbar>
`;
