// Jest Snapshot v1, https://goo.gl/fbAQLP

exports[`TextActionMenu as viewer render snapshot 1`] = `
<PopoutMenu
  buttonStyle=""
  className=""
  disabled={false}
  groupExtraComponent={Object {}}
  groupedMenuItems={Object {}}
  hideDotMenu={true}
  location={null}
  menuItems={
    Array [
      Object {
        "iconRight": <CommentIcon />,
        "name": "Comment",
        "onClick": [Function],
      },
    ]
  }
  menuOpen={false}
  offsetPosition={
    Object {
      "x": 0,
      "y": 0,
    }
  }
  onClick={[Function]}
  onMouseLeave={[Function]}
  position={
    Object {
      "x": 0,
      "y": 0,
    }
  }
  positionRelative={true}
  width={250}
  wrapText={false}
  wrapperClassName="card-menu"
/>
`;
