// Jest Snapshot v1, https://goo.gl/fbAQLP

exports[`CommentEntryForm renders snapshot 1`] = `
<CommentForm
  onSubmit={[Function]}
>
  <StyledCommentInputWrapper
    className="textarea-input"
    replying={false}
  >
    <CommentInput
      editorState={
        EditorState {
          "_immutable": Immutable.Record {
            "allowUndo": true,
            "currentContent": Immutable.Record {
              "entityMap": Object {
                "__add": [Function],
                "__create": [Function],
                "__get": [Function],
                "__getLastCreatedEntityKey": [Function],
                "__mergeData": [Function],
                "__replaceData": [Function],
                "add": [Function],
                "create": [Function],
                "get": [Function],
                "getLastCreatedEntityKey": [Function],
                "mergeData": [Function],
                "replaceData": [Function],
              },
              "blockMap": Immutable.OrderedMap {
                "18kt7": Immutable.Record {
                  "key": "18kt7",
                  "type": "unstyled",
                  "text": "",
                  "characterList": Immutable.List [],
                  "depth": 0,
                  "data": Immutable.Map {},
                },
              },
              "selectionBefore": Immutable.Record {
                "anchorKey": "18kt7",
                "anchorOffset": 0,
                "focusKey": "18kt7",
                "focusOffset": 0,
                "isBackward": false,
                "hasFocus": false,
              },
              "selectionAfter": Immutable.Record {
                "anchorKey": "18kt7",
                "anchorOffset": 0,
                "focusKey": "18kt7",
                "focusOffset": 0,
                "isBackward": false,
                "hasFocus": false,
              },
            },
            "decorator": null,
            "directionMap": Immutable.OrderedMap {
              "18kt7": "LTR",
            },
            "forceSelection": false,
            "inCompositionMode": false,
            "inlineStyleOverride": null,
            "lastChangeType": null,
            "nativelyRenderedContent": null,
            "redoStack": Immutable.Stack [],
            "selection": Immutable.Record {
              "anchorKey": "18kt7",
              "anchorOffset": 0,
              "focusKey": "18kt7",
              "focusOffset": 0,
              "isBackward": false,
              "hasFocus": false,
            },
            "treeMap": Immutable.OrderedMap {
              "18kt7": Immutable.List [
                Immutable.Record {
                  "start": 0,
                  "end": 0,
                  "decoratorKey": null,
                  "leaves": Immutable.List [
                    Immutable.Record {
                      "start": 0,
                      "end": 0,
                    },
                  ],
                },
              ],
            },
            "undoStack": Immutable.Stack [],
          },
        }
      }
      handleSubmit={[Function]}
      onChange={[Function]}
      setEditor={[Function]}
    />
  </StyledCommentInputWrapper>
  <styled.button
    focused={false}
  >
    <ReturnArrowIcon />
  </styled.button>
</CommentForm>
`;
